// Jest Snapshot v1, https://goo.gl/fbAQLP

exports[`unit test sample should match to snapshot 1`] = `
<View
  style={
    Object {
      "alignItems": "center",
      "flex": 1,
      "justifyContent": "space-between",
    }
  }
>
  <View>
    <View
      collapsable={false}
      style={
        Object {
          "backgroundColor": "green",
          "borderRadius": 25,
          "height": 50,
          "transform": Array [
            Object {
              "translateX": 33.33333333333333,
            },
          ],
          "width": 50,
        }
      }
    />
  </View>
  <View>
    <TextInput
      style={
        Object {
          "backgroundColor": "yellow",
          "height": 50,
          "marginTop": 50,
          "width": 200,
        }
      }
    />
    <View
      style={
        Array [
          Object {
            "flexDirection": "row",
          },
          Object {
            "justifyContent": "center",
          },
        ]
      }
    >
      <View
        collapsable={false}
        style={
          Object {
            "backgroundColor": "red",
            "borderRadius": 25,
            "height": 50,
            "transform": Array [
              Object {
                "translateY": 100,
              },
            ],
            "width": 50,
          }
        }
      />
      <View
        collapsable={false}
        style={
          Object {
            "backgroundColor": "blue",
            "borderRadius": 25,
            "height": 50,
            "transform": Array [
              Object {
                "translateY": 100,
              },
            ],
            "width": 50,
          }
        }
      />
    </View>
  </View>
</View>
`;
